[www.tutorialspoint.com/fuelphp/index.html]
[backblue.gif]
[fade.gif]
[index.html]
[www.tutorialspoint.com/fuelphp/index-2.html]
[www.tutorialspoint.com/fuelphp/images/fuelphp-mini-logo.jpg]
[www.tutorialspoint.com/fuelphp/fuelphp_introduction.html]
[www.tutorialspoint.com/fuelphp/fuelphp_installation.html]
[www.tutorialspoint.com/fuelphp/fuelphp_architecture_overview.html]
[www.tutorialspoint.com/fuelphp/fuelphp_simple_web_application.html]
[www.tutorialspoint.com/fuelphp/fuelphp_configuration.html]
[www.tutorialspoint.com/fuelphp/fuelphp_controllers.html]
[www.tutorialspoint.com/fuelphp/fuelphp_routing.html]
[www.tutorialspoint.com/fuelphp/fuelphp_requests_and_response.html]
[www.tutorialspoint.com/fuelphp/fuelphp_views.html]
[www.tutorialspoint.com/fuelphp/fuelphp_presenters.html]
[www.tutorialspoint.com/fuelphp/fuelphp_models_and_database.html]
[www.tutorialspoint.com/fuelphp/fuelphp_form_programming.html]
[www.tutorialspoint.com/fuelphp/fuelphp_validation.html]
[www.tutorialspoint.com/fuelphp/fuelphp_advanced_form_programming.html]
[www.tutorialspoint.com/fuelphp/fuelphp_file_uploading.html]
[www.tutorialspoint.com/fuelphp/fuelphp_ajax.html]
[www.tutorialspoint.com/fuelphp/fuelphp_hmvc_request.html]
[www.tutorialspoint.com/fuelphp/fuelphp_themes.html]
[www.tutorialspoint.com/fuelphp/fuelphp_modules.html]
[www.tutorialspoint.com/fuelphp/fuelphp_packages.html]
[www.tutorialspoint.com/fuelphp/fuelphp_cookie_and_session_management.html]
[www.tutorialspoint.com/fuelphp/fuelphp_events.html]
[www.tutorialspoint.com/fuelphp/fuelphp_email_management.html]
[www.tutorialspoint.com/fuelphp/fuelphp_profiler.html]
[www.tutorialspoint.com/fuelphp/fuelphp_error_handling_and_debugging.html]
[www.tutorialspoint.com/fuelphp/fuelphp_unit_testing.html]
[www.tutorialspoint.com/fuelphp/fuelphp_complete_working_example.html]
[www.tutorialspoint.com/fuelphp/fuelphp_quick_guide.html]
[www.tutorialspoint.com/fuelphp/fuelphp_useful_resources.html]
[www.tutorialspoint.com/fuelphp/fuelphp_discussion.html]
[www.tutorialspoint.com/fuelphp/images/fuelphp.jpg]
[www.tutorialspoint.com/fuelphp/index.html]
[www.tutorialspoint.com/fuelphp/index-2.html]
[www.tutorialspoint.com/fuelphp/fuelphp_introduction.html]
[www.tutorialspoint.com/fuelphp/fuelphp_pdf_version.html]
[www.tutorialspoint.com/fuelphp/fuelphp_installation.html]
[www.tutorialspoint.com/fuelphp/images/welcome_page.jpg]
[www.tutorialspoint.com/fuelphp/images/workflow.jpg]
[www.tutorialspoint.com/fuelphp/fuelphp_architecture_overview.html]
[www.tutorialspoint.com/fuelphp/fuelphp_simple_web_application.html]
[www.tutorialspoint.com/fuelphp/fuelphp_configuration.html]
[www.tutorialspoint.com/fuelphp/images/employee_application.jpg]
[www.tutorialspoint.com/fuelphp/images/employee_controller.jpg]
[www.tutorialspoint.com/fuelphp/images/show_method.jpg]
[www.tutorialspoint.com/fuelphp/images/index_before_action.jpg]
[www.tutorialspoint.com/fuelphp/fuelphp_controllers.html]
[www.tutorialspoint.com/fuelphp/images/show_before_action.jpg]
[www.tutorialspoint.com/fuelphp/fuelphp_routing.html]
[www.tutorialspoint.com/fuelphp/images/controller_welcome.jpg]
[www.tutorialspoint.com/fuelphp/images/mozilla_firebox7.jpg]
[www.tutorialspoint.com/fuelphp/fuelphp_requests_and_response.html]
[www.tutorialspoint.com/fuelphp/images/mozilla_firebox8.jpg]
[www.tutorialspoint.com/fuelphp/images/show_view.jpg]
[www.tutorialspoint.com/fuelphp/images/passing_view_request.jpg]
[www.tutorialspoint.com/fuelphp/fuelphp_views.html]
[www.tutorialspoint.com/fuelphp/images/view_filter.jpg]
[www.tutorialspoint.com/fuelphp/fuelphp_presenters.html]
[www.tutorialspoint.com/fuelphp/images/presenter_view.jpg]
[www.tutorialspoint.com/fuelphp/images/classes_methods.jpg]
[www.tutorialspoint.com/fuelphp/fuelphp_models_and_database.html]
[www.tutorialspoint.com/fuelphp/images/create_view.jpg]
[www.tutorialspoint.com/fuelphp/images/form_design.jpg]
[www.tutorialspoint.com/fuelphp/images/employee_data.jpg]
[www.tutorialspoint.com/fuelphp/images/database.jpg]
[www.tutorialspoint.com/fuelphp/fuelphp_form_programming.html]
[www.tutorialspoint.com/fuelphp/fuelphp_validation.html]
[www.tutorialspoint.com/fuelphp/images/add_page.jpg]
[www.tutorialspoint.com/fuelphp/images/data_missing.jpg]
[www.tutorialspoint.com/fuelphp/fuelphp_advanced_form_programming.html]
[www.tutorialspoint.com/fuelphp/images/client_validation.jpg]
[www.tutorialspoint.com/fuelphp/fuelphp_file_uploading.html]
[www.tutorialspoint.com/fuelphp/images/upload_file.jpg]
[www.tutorialspoint.com/fuelphp/fuelphp_ajax.html]
[www.tutorialspoint.com/fuelphp/images/anchor_tab.jpg]
[www.tutorialspoint.com/fuelphp/fuelphp_hmvc_request.html]
[www.tutorialspoint.com/fuelphp/images/employee_list.jpg]
[www.tutorialspoint.com/fuelphp/images/theme_support.jpg]
[www.tutorialspoint.com/fuelphp/fuelphp_themes.html]
[www.tutorialspoint.com/fuelphp/fuelphp_modules.html]
[www.tutorialspoint.com/fuelphp/fuelphp_packages.html]
[www.tutorialspoint.com/fuelphp/fuelphp_cookie_and_session_management.html]
[www.tutorialspoint.com/fuelphp/fuelphp_events.html]
[www.tutorialspoint.com/fuelphp/fuelphp_email_management.html]
[www.tutorialspoint.com/fuelphp/images/enable_profiling.jpg]
[www.tutorialspoint.com/fuelphp/fuelphp_profiler.html]
[www.tutorialspoint.com/fuelphp/fuelphp_error_handling_and_debugging.html]
[www.tutorialspoint.com/fuelphp/fuelphp_unit_testing.html]
[www.tutorialspoint.com/fuelphp/images/return_index_page.jpg]
[www.tutorialspoint.com/fuelphp/images/index_view.jpg]
[www.tutorialspoint.com/fuelphp/images/updated_view.jpg]
[www.tutorialspoint.com/fuelphp/images/form_with_data.jpg]
[www.tutorialspoint.com/fuelphp/images/book_list.jpg]
[www.tutorialspoint.com/fuelphp/images/form_book_details.jpg]
[www.tutorialspoint.com/fuelphp/fuelphp_complete_working_example.html]
[www.tutorialspoint.com/fuelphp/images/parsing_request.jpg]
[www.tutorialspoint.com/fuelphp/images/action_response.jpg]
[www.tutorialspoint.com/fuelphp/images/create_view_model.jpg]
[www.tutorialspoint.com/fuelphp/fuelphp_quick_guide.html]
[www.tutorialspoint.com/fuelphp/fuelphp_useful_resources.html]
[www.tutorialspoint.com/fuelphp/fuelphp_discussion.html]
[www.tutorialspoint.com/fuelphp/fuelphp_tutorial.pdf]
[www.tutorialspoint.com/fuelphp/fuelphp_pdf_version.html]
[www.tutorialspoint.com/fuelphp/images/fuelphp_pdfcover.jpg]
